  Determining projects to restore...
  All projects are up-to-date for restore.
  AiRecruitment.Domain -> E:\Document\Visual Code\React JS\ai-screening-recruitment\backend\AiRecruitment.Domain\bin\Debug\net10.0\AiRecruitment.Domain.dll
  AiRecruitment.Application -> E:\Document\Visual Code\React JS\ai-screening-recruitment\backend\AiRecruitment.Application\bin\Debug\net10.0\AiRecruitment.Application.dll
  AiRecruitment.Infrastructure -> E:\Document\Visual Code\React JS\ai-screening-recruitment\backend\AiRecruitment.Infrastructure\bin\Debug\net10.0\AiRecruitment.Infrastructure.dll
E:\Document\Visual Code\React JS\ai-screening-recruitment\backend\AiRecruitment.API\Program.cs(15,18): error CS1061: 'IServiceCollection' does not contain a definition for 'AddSwaggerGen' and no accessible extension method 'AddSwaggerGen' accepting a first argument of type 'IServiceCollection' could be found (are you missing a using directive or an assembly reference?) [E:\Document\Visual Code\React JS\ai-screening-recruitment\backend\AiRecruitment.API\AiRecruitment.API.csproj]
E:\Document\Visual Code\React JS\ai-screening-recruitment\backend\AiRecruitment.API\Program.cs(30,9): error CS1061: 'WebApplication' does not contain a definition for 'UseSwagger' and no accessible extension method 'UseSwagger' accepting a first argument of type 'WebApplication' could be found (are you missing a using directive or an assembly reference?) [E:\Document\Visual Code\React JS\ai-screening-recruitment\backend\AiRecruitment.API\AiRecruitment.API.csproj]
E:\Document\Visual Code\React JS\ai-screening-recruitment\backend\AiRecruitment.API\Program.cs(31,9): error CS1061: 'WebApplication' does not contain a definition for 'UseSwaggerUI' and no accessible extension method 'UseSwaggerUI' accepting a first argument of type 'WebApplication' could be found (are you missing a using directive or an assembly reference?) [E:\Document\Visual Code\React JS\ai-screening-recruitment\backend\AiRecruitment.API\AiRecruitment.API.csproj]

Build FAILED.

E:\Document\Visual Code\React JS\ai-screening-recruitment\backend\AiRecruitment.API\Program.cs(15,18): error CS1061: 'IServiceCollection' does not contain a definition for 'AddSwaggerGen' and no accessible extension method 'AddSwaggerGen' accepting a first argument of type 'IServiceCollection' could be found (are you missing a using directive or an assembly reference?) [E:\Document\Visual Code\React JS\ai-screening-recruitment\backend\AiRecruitment.API\AiRecruitment.API.csproj]
E:\Document\Visual Code\React JS\ai-screening-recruitment\backend\AiRecruitment.API\Program.cs(30,9): error CS1061: 'WebApplication' does not contain a definition for 'UseSwagger' and no accessible extension method 'UseSwagger' accepting a first argument of type 'WebApplication' could be found (are you missing a using directive or an assembly reference?) [E:\Document\Visual Code\React JS\ai-screening-recruitment\backend\AiRecruitment.API\AiRecruitment.API.csproj]
E:\Document\Visual Code\React JS\ai-screening-recruitment\backend\AiRecruitment.API\Program.cs(31,9): error CS1061: 'WebApplication' does not contain a definition for 'UseSwaggerUI' and no accessible extension method 'UseSwaggerUI' accepting a first argument of type 'WebApplication' could be found (are you missing a using directive or an assembly reference?) [E:\Document\Visual Code\React JS\ai-screening-recruitment\backend\AiRecruitment.API\AiRecruitment.API.csproj]
    0 Warning(s)
    3 Error(s)

Time Elapsed 00:00:02.61
